<?xml version="1.0" encoding="utf-8"?><testsuites name="pytest tests"><testsuite name="pytest" errors="0" failures="0" skipped="0" tests="2" time="0.075" timestamp="2025-08-12T19:22:54.783802+05:30" hostname="DESKTOP-BN9F9PG"><testcase classname="tests.test_calculator" name="test_add" time="0.002" /><testcase classname="tests.test_calculator" name="test_subtract" time="0.001" /></testsuite></testsuites>